
> saas-navbar@0.1.0 build
> next build

   Γû▓ Next.js 14.1.0

   Creating an optimized production build ...
node.exe : <w> [webpack.cache.PackFileCacheStrategy] Skipped not serializable cache item 'Compilation/modules|C:\Users\
Sarwang\Downloads\saas-navbar\node_modules\next\dist\build\webpack\loaders\css-loader\src\index.js??ruleSet[1].rules[11
].oneOf[12].use[2]!C:\Users\Sarwang\Downloads\saas-navbar\node_modules\next\dist\build\webpack\loaders\postcss-loader\s
rc\index.js??ruleSet[1].rules[11].oneOf[12].use[3]!C:\Users\Sarwang\Downloads\saas-navbar\app\globals.css': No 
serializer registered for PostCSSSyntaxError
At line:1 char:1
+ & "C:\Program Files\nodejs/node.exe" "C:\Program Files\nodejs/node_mo ...
+ ~~~~~~~~~~~~~~~~~~~~~~~~~~~~~~~~~~~~~~~~~~~~~~~~~~~~~~~~~~~~~~~~~~~~~
    + CategoryInfo          : NotSpecified: (<w> [webpack.ca...tCSSSyntaxError:String) [], RemoteException
    + FullyQualifiedErrorId : NativeCommandError
 
<w> while serializing webpack/lib/cache/PackFileCacheStrategy.PackContentItems -> webpack/lib/NormalModule -> 
webpack/lib/ModuleBuildError -> PostCSSSyntaxError
Failed to compile.

./app/globals.css:3:1
Syntax error: C:\Users\Sarwang\Downloads\saas-navbar\app\globals.css The `bg-background` class does not exist. If 
`bg-background` is a custom class, make sure it is defined within a `@layer` directive.

 [90m 1 | [39m[36m@import[39m [36murl[39m[36m([39m[32m'https://fonts.googleapis.com/css2?family=Poppins:wght@4
00;500;600;700;800&family=Inter:wght@300;400;500;600;700&display=swap'[39m[36m)[39m[33m;[39m
 [90m 2 | [39m
[1m[31m>[39m[22m[90m 3 | [39m[36m@tailwind[39m base[33m;[39m
 [90m   | [39m[1m[31m^[39m[22m
 [90m 4 | [39m[36m@tailwind[39m components[33m;[39m
 [90m 5 | [39m[36m@tailwind[39m utilities[33m;[39m

./app/globals.css
Syntax error: C:\Users\Sarwang\Downloads\saas-navbar\app\globals.css Unclosed block (2400:1)

 [90m 2398 | [39m[33m}[39m
 [90m 2399 | [39m
[1m[31m>[39m[22m[90m 2400 | [39m[33m.cta-button[39m span [33m{[39m
 [90m      | [39m[1m[31m^[39m[22m
 [90m 2401 | [39m  font-size[33m:[39m 1.1rem[33m;[39m
 [90m 2402 | [39m

    at tryRunOrWebpackError 
(C:\Users\Sarwang\Downloads\saas-navbar\node_modules\next\dist\compiled\webpack\bundle5.js:28:311563)
    at __webpack_require_module__ 
(C:\Users\Sarwang\Downloads\saas-navbar\node_modules\next\dist\compiled\webpack\bundle5.js:28:131195)
    at __nested_webpack_require_153754__ 
(C:\Users\Sarwang\Downloads\saas-navbar\node_modules\next\dist\compiled\webpack\bundle5.js:28:130634)
    at C:\Users\Sarwang\Downloads\saas-navbar\node_modules\next\dist\compiled\webpack\bundle5.js:28:131487
    at symbolIterator 
(C:\Users\Sarwang\Downloads\saas-navbar\node_modules\next\dist\compiled\neo-async\async.js:1:14444)
    at done (C:\Users\Sarwang\Downloads\saas-navbar\node_modules\next\dist\compiled\neo-async\async.js:1:14824)
    at Hook.eval [as callAsync] (eval at create 
(C:\Users\Sarwang\Downloads\saas-navbar\node_modules\next\dist\compiled\webpack\bundle5.js:13:28867), <anonymous>:15:1)
    at Hook.CALL_ASYNC_DELEGATE [as _callAsync] 
(C:\Users\Sarwang\Downloads\saas-navbar\node_modules\next\dist\compiled\webpack\bundle5.js:13:26021)
    at C:\Users\Sarwang\Downloads\saas-navbar\node_modules\next\dist\compiled\webpack\bundle5.js:28:130354
    at symbolIterator 
(C:\Users\Sarwang\Downloads\saas-navbar\node_modules\next\dist\compiled\neo-async\async.js:1:14402)
-- inner error --
Syntax error: C:\Users\Sarwang\Downloads\saas-navbar\app\globals.css Unclosed block (2400:1)

 [90m 2398 | [39m[33m}[39m
 [90m 2399 | [39m
[1m[31m>[39m[22m[90m 2400 | [39m[33m.cta-button[39m span [33m{[39m
 [90m      | [39m[1m[31m^[39m[22m
 [90m 2401 | [39m  font-size[33m:[39m 1.1rem[33m;[39m
 [90m 2402 | [39m

    at Object.<anonymous> (C:\Users\Sarwang\Downloads\saas-navbar\node_modules\next\dist\build\webpack\loaders\css-load
er\src\index.js??ruleSet[1].rules[11].oneOf[12].use[2]!C:\Users\Sarwang\Downloads\saas-navbar\node_modules\next\dist\bu
ild\webpack\loaders\postcss-loader\src\index.js??ruleSet[1].rules[11].oneOf[12].use[3]!C:\Users\Sarwang\Downloads\saas-
navbar\app\globals.css:1:7)
    at C:\Users\Sarwang\Downloads\saas-navbar\node_modules\next\dist\compiled\webpack\bundle5.js:28:915116
    at Hook.eval [as call] (eval at create 
(C:\Users\Sarwang\Downloads\saas-navbar\node_modules\next\dist\compiled\webpack\bundle5.js:13:28645), <anonymous>:7:1)
    at Hook.CALL_DELEGATE [as _call] 
(C:\Users\Sarwang\Downloads\saas-navbar\node_modules\next\dist\compiled\webpack\bundle5.js:13:25915)
    at C:\Users\Sarwang\Downloads\saas-navbar\node_modules\next\dist\compiled\webpack\bundle5.js:28:131228
    at tryRunOrWebpackError 
(C:\Users\Sarwang\Downloads\saas-navbar\node_modules\next\dist\compiled\webpack\bundle5.js:28:311517)
    at __webpack_require_module__ 
(C:\Users\Sarwang\Downloads\saas-navbar\node_modules\next\dist\compiled\webpack\bundle5.js:28:131195)
    at __nested_webpack_require_153754__ 
(C:\Users\Sarwang\Downloads\saas-navbar\node_modules\next\dist\compiled\webpack\bundle5.js:28:130634)
    at C:\Users\Sarwang\Downloads\saas-navbar\node_modules\next\dist\compiled\webpack\bundle5.js:28:131487
    at symbolIterator 
(C:\Users\Sarwang\Downloads\saas-navbar\node_modules\next\dist\compiled\neo-async\async.js:1:14444)

Generated code for C:\Users\Sarwang\Downloads\saas-navbar\node_modules\next\dist\build\webpack\loaders\css-loader\src\i
ndex.js??ruleSet[1].rules[11].oneOf[12].use[2]!C:\Users\Sarwang\Downloads\saas-navbar\node_modules\next\dist\build\webp
ack\loaders\postcss-loader\src\index.js??ruleSet[1].rules[11].oneOf[12].use[3]!C:\Users\Sarwang\Downloads\saas-navbar\a
pp\globals.css

Import trace for requested module:
./app/globals.css


> Build failed because of webpack errors
